baseline logL(+SI) = -577.4644503948821
n SI points: 45

log10_theta_c_core   [current bounds -3.000 .. -1.398]  best=-1.421
     -1.700 in   dlogL=   -627.8  
     -1.625 in   dlogL=   -378.7  
     -1.550 in   dlogL=   -171.8  
     -1.475 in   dlogL=    -37.2  
     -1.400 in   dlogL=      1.4 *
     -1.325 OUT  dlogL=    -33.4  
     -1.250 OUT  dlogL=   -114.1  
     -1.175 OUT  dlogL=   -305.6  
     -1.100 OUT  dlogL=   -710.5  
     -1.025 OUT  dlogL=  -1246.0  
     -0.950 OUT  dlogL=  -1658.9  
     -0.875 OUT  dlogL=  -1889.7  
     -0.800 OUT  dlogL=  -1988.2  

log10_n_ism   [current bounds 0.699 .. 2.176]  best=2.138
      1.700 in   dlogL=  -3690.7  
      1.825 in   dlogL=  -2031.4  
      1.950 in   dlogL=   -806.9  
      2.075 in   dlogL=   -118.0  
      2.200 OUT  dlogL=    -46.3 *
      2.325 OUT  dlogL=   -634.3  
      2.450 OUT  dlogL=  -1895.4  
      2.575 OUT  dlogL=  -3810.6  
      2.700 OUT  dlogL=  -6336.9  
      2.825 OUT  dlogL=  -9366.9  
      2.950 OUT  dlogL= -12861.8  
      3.075 OUT  dlogL= -16704.5  
      3.200 OUT  dlogL= -20803.8  

p   [current bounds 2.010 .. 2.300]  best=2.194
      2.050 in   dlogL=   -702.7  
      2.117 in   dlogL=   -140.9  
      2.183 in   dlogL=     -4.6 *
      2.250 in   dlogL=    -20.7  
      2.317 OUT  dlogL=   -100.9  
      2.383 OUT  dlogL=   -206.1  
      2.450 OUT  dlogL=   -318.6  
      2.517 OUT  dlogL=   -429.0  
      2.583 OUT  dlogL=   -532.3  
      2.650 OUT  dlogL=   -625.6  
      2.717 OUT  dlogL=   -706.5  
      2.783 OUT  dlogL=   -773.6  
      2.850 OUT  dlogL=   -825.2  

p_r   [current bounds 2.000 .. 3.000]  best=2.754
      2.200 in   dlogL=     -5.2  
      2.317 in   dlogL=     -1.0  
      2.433 in   dlogL=      0.1  
      2.550 in   dlogL=      0.4 *
      2.667 in   dlogL=      0.3  
      2.783 in   dlogL=     -0.1  
      2.900 in   dlogL=     -0.9  
      3.017 OUT  dlogL=     -1.8  
      3.133 OUT  dlogL=     -3.0  
      3.250 OUT  dlogL=     -4.2  
      3.367 OUT  dlogL=     -5.2  
      3.483 OUT  dlogL=     -6.1  
      3.600 OUT  dlogL=     -6.7  

log10_eps_B_r   [current bounds -2.301 .. -0.523]  best=-0.838
     -1.400 in   dlogL=    -20.2  
     -1.292 in   dlogL=    -15.1  
     -1.183 in   dlogL=    -10.4  
     -1.075 in   dlogL=     -6.3  
     -0.967 in   dlogL=     -2.9  
     -0.858 in   dlogL=     -0.4  
     -0.750 in   dlogL=      1.2  
     -0.642 in   dlogL=      1.7 *
     -0.533 in   dlogL=      0.5  
     -0.425 OUT  dlogL=     -4.1  
     -0.317 OUT  dlogL=    -12.4  
     -0.208 OUT  dlogL=    -23.3  
     -0.100 OUT  dlogL=    -36.8  

log10_eps_B   [current bounds -2.301 .. -1.301]  best=-2.248
     -3.200 OUT  dlogL=   -868.0  
     -3.067 OUT  dlogL=   -708.9  
     -2.933 OUT  dlogL=   -550.5  
     -2.800 OUT  dlogL=   -400.4  
     -2.667 OUT  dlogL=   -267.0  
     -2.533 OUT  dlogL=   -156.0  
     -2.400 OUT  dlogL=    -63.3  
     -2.267 in   dlogL=     -3.2 *
     -2.133 in   dlogL=    -24.7  
     -2.000 in   dlogL=   -181.8  
     -1.867 in   dlogL=   -507.8  
     -1.733 in   dlogL=   -993.0  
     -1.600 in   dlogL=  -1567.3  

log10_Gamma0_core   [current bounds 2.477 .. 3.041]  best=2.625
      2.500 in   dlogL=    -27.4  
      2.567 in   dlogL=     -9.3  
      2.633 in   dlogL=      0.7  
      2.700 in   dlogL=      1.2 *
      2.767 in   dlogL=    -15.7  
      2.833 in   dlogL=    -70.0  
      2.900 in   dlogL=   -153.2  
      2.967 in   dlogL=   -271.3  
      3.033 in   dlogL=   -409.7  
      3.100 OUT  dlogL=   -538.6  
      3.167 OUT  dlogL=   -649.8  
      3.233 OUT  dlogL=   -717.9  
      3.300 OUT  dlogL=   -729.5  

log10_E_iso_wing   [current bounds 52.000 .. 53.000]  best=52.003
     50.800 OUT  dlogL= -37899.1  
     50.950 OUT  dlogL= -36377.4  
     51.100 OUT  dlogL= -34146.7  
     51.250 OUT  dlogL= -30920.6  
     51.400 OUT  dlogL= -26376.0  
     51.550 OUT  dlogL= -20247.2  
     51.700 OUT  dlogL= -12621.4  
     51.850 OUT  dlogL=  -4629.7  
     52.000 in   dlogL=     -7.5 *
     52.150 in   dlogL=  -8423.2  
     52.300 in   dlogL= -52064.6  
     52.450 in   dlogL=-178128.3  
     52.600 in   dlogL=-474247.9  

log10_eps_e_wing   [current bounds -0.523 .. 0.000]  best=-0.509
     -1.800 OUT  dlogL= -39399.8  
     -1.650 OUT  dlogL= -37961.4  
     -1.500 OUT  dlogL= -35514.3  
     -1.350 OUT  dlogL= -31496.6  
     -1.200 OUT  dlogL= -25358.2  
     -1.050 OUT  dlogL= -17288.2  
     -0.900 OUT  dlogL=  -8771.1  
     -0.750 OUT  dlogL=  -2511.0  
     -0.600 OUT  dlogL=   -156.0  
     -0.450 in   dlogL=     -7.1 *
     -0.300 in   dlogL=  -1123.7  
     -0.150 in   dlogL= -14262.7  
      0.000 in   dlogL= -41147.3  

p_wing   [current bounds 2.200 .. 2.900]  best=2.864
      2.400 in   dlogL=  -2510.8  
      2.492 in   dlogL=  -1050.5  
      2.583 in   dlogL=   -372.9  
      2.675 in   dlogL=   -104.6  
      2.767 in   dlogL=    -20.6  
      2.858 in   dlogL=     -0.6  
      2.950 OUT  dlogL=      2.4 *
      3.042 OUT  dlogL=    -22.3  
      3.133 OUT  dlogL=   -138.9  
      3.225 OUT  dlogL=   -471.0  
      3.317 OUT  dlogL=  -1214.4  
      3.408 OUT  dlogL=  -2655.1  
      3.500 OUT  dlogL=  -5180.3  

log10_theta_c_wing   [current bounds -0.699 .. -0.301]  best=-0.309
     -0.900 OUT  dlogL=  -5219.5  
     -0.829 OUT  dlogL=  -3291.7  
     -0.758 OUT  dlogL=  -2104.3  
     -0.688 in   dlogL=  -1352.8  
     -0.617 in   dlogL=   -818.1  
     -0.546 in   dlogL=   -448.6  
     -0.475 in   dlogL=   -210.3  
     -0.404 in   dlogL=    -71.0  
     -0.333 in   dlogL=     -9.2  
     -0.263 OUT  dlogL=      0.0 *
     -0.192 OUT  dlogL=    -29.0  
     -0.121 OUT  dlogL=    -82.8  
     -0.050 OUT  dlogL=   -148.2  

xi_wing   [current bounds 0.600 .. 1.000]  best=0.993
      0.500 OUT  dlogL=  -1210.1  
      0.550 OUT  dlogL=   -958.8  
      0.600 in   dlogL=   -750.9  
      0.650 in   dlogL=   -574.2  
      0.700 in   dlogL=   -422.9  
      0.750 in   dlogL=   -294.9  
      0.800 in   dlogL=   -189.5  
      0.850 in   dlogL=   -107.0  
      0.900 in   dlogL=    -47.7  
      0.950 in   dlogL=    -12.0  
      1.000 in   dlogL=      0.3 *
