96 configs; eps_e=0.1, xi=0.9, Gamma0=400 fixed
     E   th     n    p      eB |  F38(ssc)  boost   G38  G113 |    F0.15h  i38/uJy
 1e+52  0.1     1  2.2   1e-06 |  7.69e-16    0.4  1.90  1.91 |  4.40e-13     0.01
 1e+52  0.1     1  2.2   1e-05 |  2.78e-15    0.2  1.97  1.98 |  1.87e-12     0.05
 1e+52  0.1     1  2.2   1e-04 |  8.80e-15    0.2  2.02  2.03 |  6.93e-12     0.23
 1e+52  0.1     1  2.2   1e-03 |  2.38e-14    0.2  2.06  2.06 |  2.22e-11     1.03
 1e+52  0.1     1  2.6   1e-06 |  1.54e-16    0.9  1.87  1.87 |  3.32e-13     0.00
 1e+52  0.1     1  2.6   1e-05 |  9.28e-16    0.7  1.96  1.95 |  1.95e-12     0.02
 1e+52  0.1     1  2.6   1e-04 |  4.12e-15    0.6  2.09  2.09 |  8.78e-12     0.18
 1e+52  0.1     1  2.6   1e-03 |  1.15e-14    0.5  2.20  2.21 |  2.82e-11     1.05
 1e+52  0.1    50  2.2   1e-06 |  2.87e-16    0.1  2.05  2.06 |  7.76e-13     0.01
 1e+52  0.1    50  2.2   1e-05 |  8.30e-16    0.1  2.07  2.07 |  2.46e-12     0.05
 1e+52  0.1    50  2.2   1e-04 |  2.18e-15    0.1  2.08  2.08 |  7.25e-12     0.19
 1e+52  0.1    50  2.2   1e-03 |  5.14e-15    0.2  2.08  2.08 |  2.34e-11     0.54
 1e+52  0.1    50  2.6   1e-06 |  1.11e-16    0.4  2.10  2.10 |  7.42e-13     0.01
 1e+52  0.1    50  2.6   1e-05 |  3.86e-16    0.2  2.17  2.18 |  2.42e-12     0.04
 1e+52  0.1    50  2.6   1e-04 |  1.01e-15    0.2  2.17  2.19 |  7.08e-12     0.18
 1e+52  0.1    50  2.6   1e-03 |  2.10e-15    0.4  2.14  2.17 |  2.52e-11     0.55
 1e+52  0.1   500  2.2   1e-06 |  1.44e-16    0.0  2.04  2.05 |  7.65e-13     0.01
 1e+52  0.1   500  2.2   1e-05 |  4.01e-16    0.0  2.03  2.05 |  2.25e-12     0.04
 1e+52  0.1   500  2.2   1e-04 |  9.99e-16    0.1  2.03  2.05 |  7.30e-12     0.10
 1e+52  0.1   500  2.2   1e-03 |  2.33e-15    0.2  2.05  2.05 |  2.82e-11     0.27
 1e+52  0.1   500  2.6   1e-06 |  7.10e-17    0.2  2.06  2.12 |  6.16e-13     0.01
 1e+52  0.1   500  2.6   1e-05 |  2.46e-16    0.2  1.99  2.07 |  1.86e-12     0.03
 1e+52  0.1   500  2.6   1e-04 |  6.60e-16    0.3  1.94  2.02 |  6.76e-12     0.10
 1e+52  0.1   500  2.6   1e-03 |  1.42e-15    0.6  1.96  2.01 |  2.37e-11     0.23
 1e+52  0.3     1  2.2   1e-06 |  1.75e-15    0.3  1.91  1.92 |  4.47e-13     0.02
 1e+52  0.3     1  2.2   1e-05 |  6.38e-15    0.2  1.98  1.99 |  1.90e-12     0.11
 1e+52  0.3     1  2.2   1e-04 |  2.05e-14    0.2  2.03  2.04 |  7.04e-12     0.58
 1e+52  0.3     1  2.2   1e-03 |  5.76e-14    0.2  2.06  2.07 |  2.26e-11     2.64
 1e+52  0.3     1  2.6   1e-06 |  4.12e-16    0.8  1.89  1.89 |  3.37e-13     0.01
 1e+52  0.3     1  2.6   1e-05 |  2.37e-15    0.6  1.99  1.99 |  1.98e-12     0.07
 1e+52  0.3     1  2.6   1e-04 |  1.01e-14    0.5  2.12  2.12 |  8.91e-12     0.51
 1e+52  0.3     1  2.6   1e-03 |  2.88e-14    0.5  2.22  2.22 |  2.86e-11     3.00
 1e+52  0.3    50  2.2   1e-06 |  1.95e-15    0.1  2.05  2.06 |  7.81e-13     0.09
 1e+52  0.3    50  2.2   1e-05 |  5.79e-15    0.1  2.07  2.07 |  2.48e-12     0.38
 1e+52  0.3    50  2.2   1e-04 |  1.59e-14    0.1  2.07  2.08 |  7.29e-12     1.40
 1e+52  0.3    50  2.2   1e-03 |  3.97e-14    0.1  2.08  2.08 |  2.38e-11     4.26
 1e+52  0.3    50  2.6   1e-06 |  8.42e-16    0.3  2.11  2.11 |  7.47e-13     0.05
 1e+52  0.3    50  2.6   1e-05 |  2.86e-15    0.2  2.15  2.17 |  2.44e-12     0.32
 1e+52  0.3    50  2.6   1e-04 |  7.76e-15    0.2  2.13  2.17 |  7.14e-12     1.51
 1e+52  0.3    50  2.6   1e-03 |  1.71e-14    0.3  2.10  2.14 |  2.54e-11     4.78
 1e+52  0.3   500  2.2   1e-06 |  1.53e-15    0.0  2.03  2.05 |  7.66e-13     0.12
 1e+52  0.3   500  2.2   1e-05 |  4.34e-15    0.0  2.02  2.04 |  2.25e-12     0.40
 1e+52  0.3   500  2.2   1e-04 |  1.10e-14    0.1  2.02  2.04 |  7.31e-12     1.14
 1e+52  0.3   500  2.2   1e-03 |  2.62e-14    0.1  2.04  2.05 |  2.82e-11     2.98
 1e+52  0.3   500  2.6   1e-06 |  9.15e-16    0.2  1.99  2.09 |  6.16e-13     0.08
 1e+52  0.3   500  2.6   1e-05 |  3.31e-15    0.2  1.91  2.03 |  1.86e-12     0.39
 1e+52  0.3   500  2.6   1e-04 |  8.86e-15    0.3  1.88  1.99 |  6.76e-12     1.15
 1e+52  0.3   500  2.6   1e-03 |  1.81e-14    0.6  1.91  1.99 |  2.37e-11     2.69
 1e+53  0.1     1  2.2   1e-06 |  1.71e-14    0.2  1.98  1.99 |  5.84e-12     0.30
 1e+53  0.1     1  2.2   1e-05 |  5.67e-14    0.1  2.03  2.03 |  2.21e-11     1.57
 1e+53  0.1     1  2.2   1e-04 |  1.68e-13    0.1  2.06  2.06 |  7.46e-11     7.43
 1e+53  0.1     1  2.2   1e-03 |  4.40e-13    0.2  2.08  2.08 |  2.28e-10    29.27
 1e+53  0.1     1  2.6   1e-06 |  6.10e-15    0.6  1.97  1.95 |  5.92e-12     0.17
 1e+53  0.1     1  2.6   1e-05 |  2.85e-14    0.4  2.09  2.08 |  2.75e-11     1.27
 1e+53  0.1     1  2.6   1e-04 |  9.75e-14    0.3  2.19  2.19 |  9.76e-11     8.47
 1e+53  0.1     1  2.6   1e-03 |  2.27e-13    0.3  2.25  2.24 |  3.12e-10    39.91
 1e+53  0.1    50  2.2   1e-06 |  5.76e-15    0.0  2.06  2.06 |  8.00e-12     0.36
 1e+53  0.1    50  2.2   1e-05 |  1.63e-14    0.0  2.05  2.06 |  2.45e-11     1.37
 1e+53  0.1    50  2.2   1e-04 |  4.18e-14    0.1  2.05  2.06 |  8.45e-11     4.25
 1e+53  0.1    50  2.2   1e-03 |  9.87e-14    0.1  2.06  2.06 |  3.21e-10    11.39
 1e+53  0.1    50  2.6   1e-06 |  3.05e-15    0.2  2.09  2.12 |  7.61e-12     0.26
 1e+53  0.1    50  2.6   1e-05 |  1.02e-14    0.2  2.03  2.08 |  2.48e-11     1.44
 1e+53  0.1    50  2.6   1e-04 |  2.67e-14    0.2  1.97  2.02 |  9.54e-11     4.99
 1e+53  0.1    50  2.6   1e-03 |  5.56e-14    0.4  1.96  2.00 |  3.34e-10    12.40
 1e+53  0.1   500  2.2   1e-06 |  3.29e-15    0.0  1.95  1.96 |  7.54e-12     0.25
 1e+53  0.1   500  2.2   1e-05 |  9.05e-15    0.0  1.94  1.96 |  2.61e-11     0.76
 1e+53  0.1   500  2.2   1e-04 |  2.17e-14    0.1  1.96  1.98 |  9.91e-11     1.97
 1e+53  0.1   500  2.2   1e-03 |  4.72e-14    0.2  2.01  2.02 |  3.18e-10     4.97
 1e+53  0.1   500  2.6   1e-06 |  3.56e-15    0.2  1.81  1.89 |  6.23e-12     0.23
 1e+53  0.1   500  2.6   1e-05 |  1.29e-14    0.3  1.77  1.84 |  2.55e-11     0.79
 1e+53  0.1   500  2.6   1e-04 |  2.95e-14    0.5  1.80  1.86 |  8.67e-11     1.89
 1e+53  0.1   500  2.6   1e-03 |  4.28e-14    0.8  1.89  1.95 |  3.33e-10     3.96
 1e+53  0.3     1  2.2   1e-06 |  2.16e-14    0.2  1.98  1.99 |  5.87e-12     0.39
 1e+53  0.3     1  2.2   1e-05 |  7.19e-14    0.1  2.03  2.04 |  2.23e-11     2.08
 1e+53  0.3     1  2.2   1e-04 |  2.17e-13    0.1  2.06  2.07 |  7.51e-11     9.93
 1e+53  0.3     1  2.2   1e-03 |  5.83e-13    0.2  2.08  2.08 |  2.30e-10    39.88
 1e+53  0.3     1  2.6   1e-06 |  8.04e-15    0.6  1.99  1.98 |  5.95e-12     0.24
 1e+53  0.3     1  2.6   1e-05 |  3.66e-14    0.4  2.11  2.10 |  2.76e-11     1.76
 1e+53  0.3     1  2.6   1e-04 |  1.24e-13    0.3  2.20  2.20 |  9.80e-11    11.74
 1e+53  0.3     1  2.6   1e-03 |  2.98e-13    0.3  2.25  2.24 |  3.14e-10    56.07
 1e+53  0.3    50  2.2   1e-06 |  2.10e-14    0.0  2.05  2.05 |  8.03e-12     1.39
 1e+53  0.3    50  2.2   1e-05 |  6.13e-14    0.0  2.05  2.05 |  2.45e-11     5.31
 1e+53  0.3    50  2.2   1e-04 |  1.65e-13    0.1  2.05  2.05 |  8.42e-11    17.11
 1e+53  0.3    50  2.2   1e-03 |  4.15e-13    0.1  2.06  2.06 |  3.21e-10    48.59
 1e+53  0.3    50  2.6   1e-06 |  1.18e-14    0.2  2.05  2.07 |  7.66e-12     1.17
 1e+53  0.3    50  2.6   1e-05 |  3.93e-14    0.1  1.99  2.01 |  2.49e-11     6.08
 1e+53  0.3    50  2.6   1e-04 |  1.03e-13    0.2  1.94  1.95 |  9.52e-11    21.04
 1e+53  0.3    50  2.6   1e-03 |  2.16e-13    0.3  1.96  1.95 |  3.33e-10    55.63
 1e+53  0.3   500  2.2   1e-06 |  2.43e-14    0.0  1.92  1.94 |  7.59e-12     1.79
 1e+53  0.3   500  2.2   1e-05 |  6.89e-14    0.0  1.92  1.94 |  2.64e-11     5.54
 1e+53  0.3   500  2.2   1e-04 |  1.69e-13    0.1  1.95  1.96 |  9.99e-11    15.22
 1e+53  0.3   500  2.2   1e-03 |  3.84e-13    0.1  2.01  2.01 |  3.20e-10    41.25
 1e+53  0.3   500  2.6   1e-06 |  3.36e-14    0.2  1.71  1.83 |  6.25e-12     1.80
 1e+53  0.3   500  2.6   1e-05 |  1.12e-13    0.3  1.69  1.80 |  2.57e-11     5.98
 1e+53  0.3   500  2.6   1e-04 |  2.28e-13    0.4  1.74  1.83 |  8.75e-11    14.90
 1e+53  0.3   500  2.6   1e-03 |  3.24e-13    0.5  1.86  1.93 |  3.36e-10    39.31

targets: F38=4.1e-13 F113=1.1e-13 Gamma=1.82+-0.21; early F(0.15h)=1.1e-10
i-band data @38hr: none (last opt ~10hr, ~0.5 mJy at 5hr); wing supplies opt
6s total
